
--- teardown: removing ONLY this test's containers/volumes ---

=== GATE 1a: -addStandard p6hub ===
  PASS: p6hub published golden
  PASS: p6hub returned a golden manifestKey
  PASS: hub-only golden contains CEDS nodes
  PASS: hub-only golden has NO synthstd nodes yet

=== GATE 1b: -addStandard p6second ===
  PASS: p6second published golden
  PASS: p6second returned a golden manifestKey
  PASS: golden manifestKey advanced after second standard
  PASS: GATE1: published golden contains BOTH standards' nodes
  FAIL: GATE1: golden has >=1 SPECIFIED_MAPPING bridge (got 0)

=== GATE 2: golden ≡ replay(goldenManifest) ===
  PASS: GATE2: replay(goldenManifest) node set identical to live golden
  PASS: GATE2: replay(goldenManifest) edge set identical to live golden

=== GATE 3: -rollback golden (to pre-second manifest) ===
  PASS: rollback reported repoint to the hub manifest
  PASS: GATE3: rolled-back golden node set identical to hub-only golden
  PASS: GATE3: rolled-back golden edge set identical to hub-only golden
  PASS: GATE3: rolled-back golden has no SPECIFIED_MAPPING (second standard gone)

=== GATE 4: -list ===
  PASS: GATE4: -list blocks shows the saved blocks (got 4)
  PASS: GATE4: -list manifests shows >=2 manifests (got 4)
  PASS: GATE4: -list graphs includes golden
  PASS: GATE4: --stale flags the constructed drift case (golden currentManifest behind newest pointer)

--- teardown: removing ONLY this test's containers/volumes ---
  removed container gf_golden
  removed container gf_goldenCheck
  removed volume gf_goldenCheck_data
  removed volume gf_golden_data
  removed test store file __TEST_edfForgeManager_64864.sqlite3
  removed test store file __TEST_edfForgeManager_64864.sqlite3-shm
  removed test store file __TEST_edfForgeManager_64864.sqlite3-wal

========================================
RESULT: 18 passed, 1 failed
========================================
